// Jest Snapshot v1, https://goo.gl/fbAQLP

exports[`should render ExpenseList with expenses 1`] = `
<div>
  <ExpenseListItem
    amount={195}
    createdAt={"1970-01-01T00:00:01.234Z"}
    description="Gum"
    expenses={
      Array [
        Object {
          "amount": 195,
          "createdAt": "1970-01-01T00:00:01.234Z",
          "description": "Gum",
          "id": "1",
          "note": "sticky",
        },
        Object {
          "amount": 295,
          "createdAt": "1970-01-01T00:00:00.123Z",
          "description": "Gummy Bears",
          "id": "2",
          "note": "sticky",
        },
        Object {
          "amount": 4500,
          "createdAt": "1970-01-01T00:00:00.012Z",
          "description": "Credit Card",
          "id": "3",
          "note": "sticky",
        },
      ]
    }
    id="1"
    key="1"
    note="sticky"
  />
  <ExpenseListItem
    amount={295}
    createdAt={"1970-01-01T00:00:00.123Z"}
    description="Gummy Bears"
    expenses={
      Array [
        Object {
          "amount": 195,
          "createdAt": "1970-01-01T00:00:01.234Z",
          "description": "Gum",
          "id": "1",
          "note": "sticky",
        },
        Object {
          "amount": 295,
          "createdAt": "1970-01-01T00:00:00.123Z",
          "description": "Gummy Bears",
          "id": "2",
          "note": "sticky",
        },
        Object {
          "amount": 4500,
          "createdAt": "1970-01-01T00:00:00.012Z",
          "description": "Credit Card",
          "id": "3",
          "note": "sticky",
        },
      ]
    }
    id="2"
    key="2"
    note="sticky"
  />
  <ExpenseListItem
    amount={4500}
    createdAt={"1970-01-01T00:00:00.012Z"}
    description="Credit Card"
    expenses={
      Array [
        Object {
          "amount": 195,
          "createdAt": "1970-01-01T00:00:01.234Z",
          "description": "Gum",
          "id": "1",
          "note": "sticky",
        },
        Object {
          "amount": 295,
          "createdAt": "1970-01-01T00:00:00.123Z",
          "description": "Gummy Bears",
          "id": "2",
          "note": "sticky",
        },
        Object {
          "amount": 4500,
          "createdAt": "1970-01-01T00:00:00.012Z",
          "description": "Credit Card",
          "id": "3",
          "note": "sticky",
        },
      ]
    }
    id="3"
    key="3"
    note="sticky"
  />
</div>
`;

exports[`should render ExpenseList with no expenses 1`] = `
<div>
  <p>
    Please add some Expenses
  </p>
</div>
`;
